// Jest Snapshot v1, https://goo.gl/fbAQLP

exports[`nunjucks 1`] = `
MemoryFileSystem {
  "data": Object {},
  "join": [Function],
  "normalize": [Function],
  "pathToArray": [Function],
}
`;

exports[`react 1`] = `
Object {
  "context": "/tmp/t-XKuJgW/2",
  "devtool": "nosources-source-map",
  "entry": Object {
    "renderer": Array [
      "/tmp/t-XKuJgW/2/src/renderer/index.js",
    ],
  },
  "externals": Array [
    "electron",
    "webpack",
    "electron-devtools-installer",
  ],
  "mode": "production",
  "module": Object {
    "rules": Array [
      Object {
        "exclude": /\\(node_modules\\|bower_components\\)/,
        "test": /\\\\\\.js\\$/,
        "use": Object {
          "loader": "babel-loader",
          "options": Object {
            "plugins": Array [
              [Function],
            ],
            "presets": Array [
              Array [
                [Function],
                Object {
                  "modules": false,
                  "targets": Object {
                    "electron": "3.0.7",
                  },
                },
              ],
              Array [
                [Function],
              ],
            ],
          },
        },
      },
      Object {
        "test": /\\\\\\.node\\$/,
        "use": "node-loader",
      },
      Object {
        "test": /\\\\\\.css\\$/,
        "use": Array [
          "/home/aarond/electron-webpack/node_modules/mini-css-extract-plugin/dist/loader.js",
          Object {
            "loader": "css-loader",
            "options": Object {
              "modules": "global",
            },
          },
        ],
      },
      Object {
        "test": /\\\\\\.less\\$/,
        "use": Array [
          "/home/aarond/electron-webpack/node_modules/mini-css-extract-plugin/dist/loader.js",
          Object {
            "loader": "css-loader",
            "options": Object {
              "modules": "global",
            },
          },
          "less-loader",
        ],
      },
      Object {
        "test": /\\\\\\.s\\(\\[ac\\]\\)ss\\$/,
        "use": Array [
          "/home/aarond/electron-webpack/node_modules/mini-css-extract-plugin/dist/loader.js",
          Object {
            "loader": "css-loader",
            "options": Object {
              "modules": "global",
            },
          },
          "sass-loader",
        ],
      },
      Object {
        "test": /\\\\\\.\\(png\\|jpe\\?g\\|gif\\)\\(\\\\\\?\\.\\*\\)\\?\\$/,
        "use": Object {
          "loader": "url-loader",
          "options": Object {
            "limit": 10240,
            "name": "imgs/[name]--[folder].[ext]",
          },
        },
      },
      Object {
        "test": /\\\\\\.svg\\$/,
        "use": Array [
          Object {
            "loader": "@svgr/webpack",
          },
          Object {
            "loader": "url-loader",
            "options": Object {
              "limit": 10240,
              "name": "imgs/[name]--[folder].[ext]",
            },
          },
        ],
      },
      Object {
        "loader": "url-loader",
        "options": Object {
          "limit": 10240,
          "name": "media/[name]--[folder].[ext]",
        },
        "test": /\\\\\\.\\(mp4\\|webm\\|ogg\\|mp3\\|wav\\|flac\\|aac\\)\\(\\\\\\?\\.\\*\\)\\?\\$/,
      },
      Object {
        "test": /\\\\\\.\\(woff2\\?\\|eot\\|ttf\\|otf\\)\\(\\\\\\?\\.\\*\\)\\?\\$/,
        "use": Object {
          "loader": "url-loader",
          "options": Object {
            "limit": 10240,
            "name": "fonts/[name]--[folder].[ext]",
          },
        },
      },
      Object {
        "test": /\\\\\\.\\(html\\)\\$/,
        "use": Object {
          "loader": "html-loader",
        },
      },
    ],
  },
  "node": Object {
    "__dirname": false,
    "__filename": false,
  },
  "optimization": Object {
    "concatenateModules": true,
    "emitOnErrors": false,
    "minimize": true,
    "nodeEnv": "production",
  },
  "output": Object {
    "chunkFilename": "[name].bundle.js",
    "filename": "[name].js",
    "libraryTarget": "commonjs2",
    "path": "/tmp/t-XKuJgW/2/dist/renderer",
  },
  "plugins": Array [
    HtmlWebpackPlugin {
      "userOptions": Object {
        "filename": "index.html",
        "inject": false,
        "minify": false,
        "nodeModules": null,
        "template": "!!html-loader?minimize=false&sources=false!/tmp/t-XKuJgW/2/dist/.renderer-index-template.html",
      },
      "version": 5,
    },
    DefinePlugin {
      "definitions": Object {
        "__static": "process.resourcesPath + \\"/static\\"",
      },
    },
    MiniCssExtractPlugin {
      "_sortedModulesCache": WeakMap {},
      "options": Object {
        "chunkFilename": "[id].styles.css",
        "experimentalUseImportModule": undefined,
        "filename": "styles.css",
        "ignoreOrder": false,
        "runtime": true,
      },
      "runtimeOptions": Object {
        "attributes": undefined,
        "insert": undefined,
        "linkType": "text/css",
      },
    },
    LoaderOptionsPlugin {
      "options": Object {
        "minimize": true,
        "test": Object {
          "test": [Function],
        },
      },
    },
    WebpackRemoveOldAssetsPlugin {
      "dllManifest": null,
    },
  ],
  "resolve": Object {
    "alias": Object {
      "@": "/tmp/t-XKuJgW/2/src/renderer",
      "common": "/tmp/t-XKuJgW/2/src/common",
    },
    "extensions": Array [
      ".js",
      ".json",
      ".node",
      ".css",
    ],
  },
  "target": "electron-renderer",
}
`;

exports[`sass 1`] = `
MemoryFileSystem {
  "data": Object {},
  "join": [Function],
  "normalize": [Function],
  "pathToArray": [Function],
}
`;
