// Jest Snapshot v1, https://goo.gl/fbAQLP

exports[`app 1`] = `
"Child
          Asset      Size  Chunks             Chunk Names
        main.js  1.38 KiB       0  [emitted]  main
    main.js.map  1.56 KiB       0  [emitted]  main
    Entrypoint main = main.js main.js.map
    [0] multi ./src/main/index.js 28 bytes {0} [built]
    [1] ./src/main/index.js 13 bytes {0} [built]
Child
              Asset       Size  Chunks             Chunk Names
         index.html  329 bytes          [emitted]  
        renderer.js   2.05 KiB       0  [emitted]  renderer
    renderer.js.map    2.1 KiB       0  [emitted]  renderer
         styles.css  135 bytes       0  [emitted]  renderer
     styles.css.map  156 bytes       0  [emitted]  renderer
    Entrypoint renderer = styles.css renderer.js styles.css.map renderer.js.map
    [0] multi ./src/renderer/index.js 28 bytes {0} [built]
    [1] ./src/renderer/index.js 972 bytes {0} [built]
    [2] ./src/renderer/style.css {0} [built]
    [3] ./src/renderer/foo.html 34 bytes {0} [built]
    [4] external \\"path\\" 42 bytes {0} [built]
    [] css <cwd>/node_modules/css-loader/dist/cjs.js??ref--6-1!./src/renderer/style.css {0}
    Child html-webpack-plugin for \\"index.html\\":
             Asset      Size  Chunks  Chunk Names
        index.html  3.99 KiB       0  
        Entrypoint undefined = index.html
        [0] <cwd>/node_modules/html-loader/dist/cjs.js?minimize=false&url=false!./dist/.renderer-index-template.html 255 bytes {0} [built]
    Child mini-css-extract-plugin <some path>/node_modules/css-loader/dist/cjs.js??ref--6-1!src/renderer/style.css:
        Entrypoint mini-css-extract-plugin = *
        [0] <cwd>/node_modules/css-loader/dist/cjs.js??ref--6-1!./src/renderer/style.css {0} [built]
        [1] <cwd>/node_modules/css-loader/dist/runtime/api.js 2.61 KiB {0} [built]"
`;

exports[`app 2`] = `
Object {
  "dist": Object {
    "main": Object {
      "main.js": "require(\\"source-map-support/source-map-support.js\\").install(),module.exports=function(e){var r={};function __webpack_require__(_){if(r[_])return r[_].exports;var t=r[_]={i:_,l:!1,exports:{}};return e[_].call(t.exports,t,t.exports,__webpack_require__),t.l=!0,t.exports}return __webpack_require__.m=e,__webpack_require__.c=r,__webpack_require__.d=function(e,r,_){__webpack_require__.o(e,r)||Object.defineProperty(e,r,{enumerable:!0,get:_})},__webpack_require__.r=function(e){\\"undefined\\"!=typeof Symbol&&Symbol.toStringTag&&Object.defineProperty(e,Symbol.toStringTag,{value:\\"Module\\"}),Object.defineProperty(e,\\"__esModule\\",{value:!0})},__webpack_require__.t=function(e,r){if(1&r&&(e=__webpack_require__(e)),8&r)return e;if(4&r&&\\"object\\"==typeof e&&e&&e.__esModule)return e;var _=Object.create(null);if(__webpack_require__.r(_),Object.defineProperty(_,\\"default\\",{enumerable:!0,value:e}),2&r&&\\"string\\"!=typeof e)for(var t in e)__webpack_require__.d(_,t,function(r){return e[r]}.bind(null,t));return _},__webpack_require__.n=function(e){var r=e&&e.__esModule?function getDefault(){return e.default}:function getModuleExports(){return e};return __webpack_require__.d(r,\\"a\\",r),r},__webpack_require__.o=function(e,r){return Object.prototype.hasOwnProperty.call(e,r)},__webpack_require__.p=\\"\\",__webpack_require__(__webpack_require__.s=0)}([function(e,r,_){e.exports=_(1)},function(e,r,_){}]);
//# sourceMappingURL=main.js.map",
      "main.js.map": "{\\"version\\":3,\\"sources\\":[\\"webpack:///webpack/bootstrap\\"],\\"names\\":[\\"installedModules\\",\\"__webpack_require__\\",\\"moduleId\\",\\"exports\\",\\"module\\",\\"i\\",\\"l\\",\\"modules\\",\\"call\\",\\"m\\",\\"c\\",\\"d\\",\\"name\\",\\"getter\\",\\"o\\",\\"Object\\",\\"defineProperty\\",\\"enumerable\\",\\"get\\",\\"r\\",\\"Symbol\\",\\"toStringTag\\",\\"value\\",\\"t\\",\\"mode\\",\\"__esModule\\",\\"ns\\",\\"create\\",\\"key\\",\\"bind\\",\\"n\\",\\"getDefault\\",\\"getModuleExports\\",\\"object\\",\\"property\\",\\"prototype\\",\\"hasOwnProperty\\",\\"p\\",\\"s\\"],\\"mappings\\":\\"yFACA,IAAAA,EAAA,GAGA,SAAAC,oBAAAC,GAGA,GAAAF,EAAAE,GACA,OAAAF,EAAAE,GAAAC,QAGA,IAAAC,EAAAJ,EAAAE,GAAA,CACAG,EAAAH,EACAI,GAAA,EACAH,QAAA,IAUA,OANAI,EAAAL,GAAAM,KAAAJ,EAAAD,QAAAC,IAAAD,QAAAF,qBAGAG,EAAAE,GAAA,EAGAF,EAAAD,QA0DA,OArDAF,oBAAAQ,EAAAF,EAGAN,oBAAAS,EAAAV,EAGAC,oBAAAU,EAAA,SAAAR,EAAAS,EAAAC,GACAZ,oBAAAa,EAAAX,EAAAS,IACAG,OAAAC,eAAAb,EAAAS,EAAA,CAA0CK,YAAA,EAAAC,IAAAL,KAK1CZ,oBAAAkB,EAAA,SAAAhB,GACA,oBAAAiB,eAAAC,aACAN,OAAAC,eAAAb,EAAAiB,OAAAC,YAAA,CAAwDC,MAAA,WAExDP,OAAAC,eAAAb,EAAA,cAAiDmB,OAAA,KAQjDrB,oBAAAsB,EAAA,SAAAD,EAAAE,GAEA,GADA,EAAAA,IAAAF,EAAArB,oBAAAqB,IACA,EAAAE,EAAA,OAAAF,EACA,KAAAE,GAAA,iBAAAF,QAAAG,WAAA,OAAAH,EACA,IAAAI,EAAAX,OAAAY,OAAA,MAGA,GAFA1B,oBAAAkB,EAAAO,GACAX,OAAAC,eAAAU,EAAA,WAAyCT,YAAA,EAAAK,UACzC,EAAAE,GAAA,iBAAAF,EAAA,QAAAM,KAAAN,EAAArB,oBAAAU,EAAAe,EAAAE,EAAA,SAAAA,GAAgH,OAAAN,EAAAM,IAAqBC,KAAA,KAAAD,IACrI,OAAAF,GAIAzB,oBAAA6B,EAAA,SAAA1B,GACA,IAAAS,EAAAT,KAAAqB,WACA,SAAAM,aAA2B,OAAA3B,EAAA,SAC3B,SAAA4B,mBAAiC,OAAA5B,GAEjC,OADAH,oBAAAU,EAAAE,EAAA,IAAAA,GACAA,GAIAZ,oBAAAa,EAAA,SAAAmB,EAAAC,GAAsD,OAAAnB,OAAAoB,UAAAC,eAAA5B,KAAAyB,EAAAC,IAGtDjC,oBAAAoC,EAAA,GAIApC,wCAAAqC,EAAA\\",\\"file\\":\\"main.js\\",\\"sourceRoot\\":\\"\\"}",
    },
    "renderer": Object {
      "index.html": "<!DOCTYPE html>
    <html>
      <head>
        <meta charset=\\"utf-8\\">
      <script>require(\\"source-map-support/source-map-support.js\\").install()</script><link href=\\"styles.css\\" rel=\\"stylesheet\\"></head>
      <body>
        <div id=\\"app\\"></div>
      <script type=\\"text/javascript\\" src=\\"renderer.js\\"></script></body>
    </html>",
      "renderer.js": "module.exports=function(e){var r={};function __webpack_require__(t){if(r[t])return r[t].exports;var _=r[t]={i:t,l:!1,exports:{}};return e[t].call(_.exports,_,_.exports,__webpack_require__),_.l=!0,_.exports}return __webpack_require__.m=e,__webpack_require__.c=r,__webpack_require__.d=function(e,r,t){__webpack_require__.o(e,r)||Object.defineProperty(e,r,{enumerable:!0,get:t})},__webpack_require__.r=function(e){\\"undefined\\"!=typeof Symbol&&Symbol.toStringTag&&Object.defineProperty(e,Symbol.toStringTag,{value:\\"Module\\"}),Object.defineProperty(e,\\"__esModule\\",{value:!0})},__webpack_require__.t=function(e,r){if(1&r&&(e=__webpack_require__(e)),8&r)return e;if(4&r&&\\"object\\"==typeof e&&e&&e.__esModule)return e;var t=Object.create(null);if(__webpack_require__.r(t),Object.defineProperty(t,\\"default\\",{enumerable:!0,value:e}),2&r&&\\"string\\"!=typeof e)for(var _ in e)__webpack_require__.d(t,_,function(r){return e[r]}.bind(null,_));return t},__webpack_require__.n=function(e){var r=e&&e.__esModule?function getDefault(){return e.default}:function getModuleExports(){return e};return __webpack_require__.d(r,\\"a\\",r),r},__webpack_require__.o=function(e,r){return Object.prototype.hasOwnProperty.call(e,r)},__webpack_require__.p=\\"\\",__webpack_require__(__webpack_require__.s=0)}([function(e,r,t){e.exports=t(1)},function(e,r,t){\\"use strict\\";function _foo(){const e=function _interopRequireDefault(e){return e&&e.__esModule?e:{default:e}}(t(3));return _foo=function(){return e},e}t(2);var _=function _interopRequireWildcard(e){if(e&&e.__esModule)return e;var r={};if(null!=e)for(var t in e)if(Object.prototype.hasOwnProperty.call(e,t)){var _=Object.defineProperty&&Object.getOwnPropertyDescriptor?Object.getOwnPropertyDescriptor(e,t):{};_.get||_.set?Object.defineProperty(r,t,_):r[t]=e[t]}return r.default=e,r}(t(4));console.log(_foo().default);const n=fs.readFileSync(_.join(process.resourcesPath+\\"/static\\",\\"/foo.txt\\")).toString(\\"hex\\");console.log(n)},function(e,r,t){},function(e,r,t){\\"use strict\\";t.r(r),r.default=\\"<p>Hi</p>\\"},function(e,r){e.exports=require(\\"path\\")}]);
//# sourceMappingURL=renderer.js.map",
      "renderer.js.map": "{\\"version\\":3,\\"sources\\":[\\"webpack:///webpack/bootstrap\\",\\"webpack:///./src/renderer/index.js\\",\\"webpack:///./src/renderer/foo.html\\",\\"webpack:///external \\\\\\"path\\\\\\"\\"],\\"names\\":[\\"installedModules\\",\\"__webpack_require__\\",\\"moduleId\\",\\"exports\\",\\"module\\",\\"i\\",\\"l\\",\\"modules\\",\\"call\\",\\"m\\",\\"c\\",\\"d\\",\\"name\\",\\"getter\\",\\"o\\",\\"Object\\",\\"defineProperty\\",\\"enumerable\\",\\"get\\",\\"r\\",\\"Symbol\\",\\"toStringTag\\",\\"value\\",\\"t\\",\\"mode\\",\\"__esModule\\",\\"ns\\",\\"create\\",\\"key\\",\\"bind\\",\\"n\\",\\"getDefault\\",\\"getModuleExports\\",\\"object\\",\\"property\\",\\"prototype\\",\\"hasOwnProperty\\",\\"p\\",\\"s\\",\\"_foo\\",\\"data\\",\\"_interopRequireDefault\\",\\"path\\",\\"_interopRequireWildcard\\",\\"console\\",\\"log\\",\\"html\\",\\"fileContents\\",\\"fs\\",\\"readFileSync\\",\\"join\\",\\"__static\\",\\"toString\\",\\"__webpack_exports__\\",\\"require\\"],\\"mappings\\":\\"2BACA,IAAAA,EAAA,GAGA,SAAAC,oBAAAC,GAGA,GAAAF,EAAAE,GACA,OAAAF,EAAAE,GAAAC,QAGA,IAAAC,EAAAJ,EAAAE,GAAA,CACAG,EAAAH,EACAI,GAAA,EACAH,QAAA,IAUA,OANAI,EAAAL,GAAAM,KAAAJ,EAAAD,QAAAC,IAAAD,QAAAF,qBAGAG,EAAAE,GAAA,EAGAF,EAAAD,QA0DA,OArDAF,oBAAAQ,EAAAF,EAGAN,oBAAAS,EAAAV,EAGAC,oBAAAU,EAAA,SAAAR,EAAAS,EAAAC,GACAZ,oBAAAa,EAAAX,EAAAS,IACAG,OAAAC,eAAAb,EAAAS,EAAA,CAA0CK,YAAA,EAAAC,IAAAL,KAK1CZ,oBAAAkB,EAAA,SAAAhB,GACA,oBAAAiB,eAAAC,aACAN,OAAAC,eAAAb,EAAAiB,OAAAC,YAAA,CAAwDC,MAAA,WAExDP,OAAAC,eAAAb,EAAA,cAAiDmB,OAAA,KAQjDrB,oBAAAsB,EAAA,SAAAD,EAAAE,GAEA,GADA,EAAAA,IAAAF,EAAArB,oBAAAqB,IACA,EAAAE,EAAA,OAAAF,EACA,KAAAE,GAAA,iBAAAF,QAAAG,WAAA,OAAAH,EACA,IAAAI,EAAAX,OAAAY,OAAA,MAGA,GAFA1B,oBAAAkB,EAAAO,GACAX,OAAAC,eAAAU,EAAA,WAAyCT,YAAA,EAAAK,UACzC,EAAAE,GAAA,iBAAAF,EAAA,QAAAM,KAAAN,EAAArB,oBAAAU,EAAAe,EAAAE,EAAA,SAAAA,GAAgH,OAAAN,EAAAM,IAAqBC,KAAA,KAAAD,IACrI,OAAAF,GAIAzB,oBAAA6B,EAAA,SAAA1B,GACA,IAAAS,EAAAT,KAAAqB,WACA,SAAAM,aAA2B,OAAA3B,EAAA,SAC3B,SAAA4B,mBAAiC,OAAA5B,GAEjC,OADAH,oBAAAU,EAAAE,EAAA,IAAAA,GACAA,GAIAZ,oBAAAa,EAAA,SAAAmB,EAAAC,GAAsD,OAAAnB,OAAAoB,UAAAC,eAAA5B,KAAAyB,EAAAC,IAGtDjC,oBAAAoC,EAAA,GAIApC,wCAAAqC,EAAA,kECjFA,SAAAC,OAAA,MAAAC,0EAAAC,CAAAxC,EAAA,WAAAsC,KAAA,kBAAAC,KADAvC,EAAA,GAEA,IAAAyC,iUAAAC,CAAA1C,EAAA,IAEA2C,QAAQC,IAAIC,gBAEZ,MAAMC,EAAeC,GAAGC,aAAaP,EAAKQ,KAAKC,gCAAU,aAAaC,SAAS,OAC/ER,QAAQC,IAAIE,mDCPZ9C,EAAAkB,EAAAkC,GACeA,EAAA,mCCDfjD,EAAAD,QAAAmD,QAAA\\",\\"file\\":\\"renderer.js\\",\\"sourceRoot\\":\\"\\"}",
      "styles.css": ".f1 {
  background: image(\\"static/a/foo.png\\")
}

.f2 {
  background: image(\\"static/b/foo.png\\")
}

/*# sourceMappingURL=styles.css.map*/",
      "styles.css.map": "{\\"version\\":3,\\"sources\\":[\\"webpack:///./src/renderer/style.css\\"],\\"names\\":[],\\"mappings\\":\\"AAAA;AACA;AACA;;AAEA;AACA;AACA,C\\",\\"file\\":\\"styles.css\\",\\"sourceRoot\\":\\"\\"}",
    },
  },
}
`;

exports[`main extra entry point and custom source dir 1`] = `
"      Asset      Size  Chunks             Chunk Names
     foo.js  1.38 KiB       0  [emitted]  foo
 foo.js.map  1.62 KiB       0  [emitted]  foo
    main.js  1.38 KiB       1  [emitted]  main
main.js.map  1.56 KiB       1  [emitted]  main
Entrypoint main = main.js main.js.map
Entrypoint foo = foo.js foo.js.map
[0] multi ./customMain/index.js 28 bytes {1} [built]
[1] ./customMain/index.js 13 bytes {1} [built]
[2] ./customMain/foo.js 33 bytes {0} [built]"
`;

exports[`main extra entry point and custom source dir 2`] = `
Object {
  "dist": Object {
    "main": Object {
      "foo.js": "require(\\"source-map-support/source-map-support.js\\").install(),module.exports=function(e){var r={};function __webpack_require__(_){if(r[_])return r[_].exports;var t=r[_]={i:_,l:!1,exports:{}};return e[_].call(t.exports,t,t.exports,__webpack_require__),t.l=!0,t.exports}return __webpack_require__.m=e,__webpack_require__.c=r,__webpack_require__.d=function(e,r,_){__webpack_require__.o(e,r)||Object.defineProperty(e,r,{enumerable:!0,get:_})},__webpack_require__.r=function(e){\\"undefined\\"!=typeof Symbol&&Symbol.toStringTag&&Object.defineProperty(e,Symbol.toStringTag,{value:\\"Module\\"}),Object.defineProperty(e,\\"__esModule\\",{value:!0})},__webpack_require__.t=function(e,r){if(1&r&&(e=__webpack_require__(e)),8&r)return e;if(4&r&&\\"object\\"==typeof e&&e&&e.__esModule)return e;var _=Object.create(null);if(__webpack_require__.r(_),Object.defineProperty(_,\\"default\\",{enumerable:!0,value:e}),2&r&&\\"string\\"!=typeof e)for(var t in e)__webpack_require__.d(_,t,function(r){return e[r]}.bind(null,t));return _},__webpack_require__.n=function(e){var r=e&&e.__esModule?function getDefault(){return e.default}:function getModuleExports(){return e};return __webpack_require__.d(r,\\"a\\",r),r},__webpack_require__.o=function(e,r){return Object.prototype.hasOwnProperty.call(e,r)},__webpack_require__.p=\\"\\",__webpack_require__(__webpack_require__.s=2)}({2:function(e,r,_){\\"use strict\\";console.log(\\"hi\\")}});
//# sourceMappingURL=foo.js.map",
      "foo.js.map": "{\\"version\\":3,\\"sources\\":[\\"webpack:///webpack/bootstrap\\",\\"webpack:///./customMain/foo.js\\"],\\"names\\":[\\"installedModules\\",\\"__webpack_require__\\",\\"moduleId\\",\\"exports\\",\\"module\\",\\"i\\",\\"l\\",\\"modules\\",\\"call\\",\\"m\\",\\"c\\",\\"d\\",\\"name\\",\\"getter\\",\\"o\\",\\"Object\\",\\"defineProperty\\",\\"enumerable\\",\\"get\\",\\"r\\",\\"Symbol\\",\\"toStringTag\\",\\"value\\",\\"t\\",\\"mode\\",\\"__esModule\\",\\"ns\\",\\"create\\",\\"key\\",\\"bind\\",\\"n\\",\\"getDefault\\",\\"getModuleExports\\",\\"object\\",\\"property\\",\\"prototype\\",\\"hasOwnProperty\\",\\"p\\",\\"s\\",\\"console\\",\\"log\\"],\\"mappings\\":\\"yFACA,IAAAA,EAAA,GAGA,SAAAC,oBAAAC,GAGA,GAAAF,EAAAE,GACA,OAAAF,EAAAE,GAAAC,QAGA,IAAAC,EAAAJ,EAAAE,GAAA,CACAG,EAAAH,EACAI,GAAA,EACAH,QAAA,IAUA,OANAI,EAAAL,GAAAM,KAAAJ,EAAAD,QAAAC,IAAAD,QAAAF,qBAGAG,EAAAE,GAAA,EAGAF,EAAAD,QA0DA,OArDAF,oBAAAQ,EAAAF,EAGAN,oBAAAS,EAAAV,EAGAC,oBAAAU,EAAA,SAAAR,EAAAS,EAAAC,GACAZ,oBAAAa,EAAAX,EAAAS,IACAG,OAAAC,eAAAb,EAAAS,EAAA,CAA0CK,YAAA,EAAAC,IAAAL,KAK1CZ,oBAAAkB,EAAA,SAAAhB,GACA,oBAAAiB,eAAAC,aACAN,OAAAC,eAAAb,EAAAiB,OAAAC,YAAA,CAAwDC,MAAA,WAExDP,OAAAC,eAAAb,EAAA,cAAiDmB,OAAA,KAQjDrB,oBAAAsB,EAAA,SAAAD,EAAAE,GAEA,GADA,EAAAA,IAAAF,EAAArB,oBAAAqB,IACA,EAAAE,EAAA,OAAAF,EACA,KAAAE,GAAA,iBAAAF,QAAAG,WAAA,OAAAH,EACA,IAAAI,EAAAX,OAAAY,OAAA,MAGA,GAFA1B,oBAAAkB,EAAAO,GACAX,OAAAC,eAAAU,EAAA,WAAyCT,YAAA,EAAAK,UACzC,EAAAE,GAAA,iBAAAF,EAAA,QAAAM,KAAAN,EAAArB,oBAAAU,EAAAe,EAAAE,EAAA,SAAAA,GAAgH,OAAAN,EAAAM,IAAqBC,KAAA,KAAAD,IACrI,OAAAF,GAIAzB,oBAAA6B,EAAA,SAAA1B,GACA,IAAAS,EAAAT,KAAAqB,WACA,SAAAM,aAA2B,OAAA3B,EAAA,SAC3B,SAAA4B,mBAAiC,OAAA5B,GAEjC,OADAH,oBAAAU,EAAAE,EAAA,IAAAA,GACAA,GAIAZ,oBAAAa,EAAA,SAAAmB,EAAAC,GAAsD,OAAAnB,OAAAoB,UAAAC,eAAA5B,KAAAyB,EAAAC,IAGtDjC,oBAAAoC,EAAA,GAIApC,wCAAAqC,EAAA,oCClFAC,QAAQC,IAAI\\",\\"file\\":\\"foo.js\\",\\"sourceRoot\\":\\"\\"}",
      "main.js": "require(\\"source-map-support/source-map-support.js\\").install(),module.exports=function(e){var r={};function __webpack_require__(_){if(r[_])return r[_].exports;var t=r[_]={i:_,l:!1,exports:{}};return e[_].call(t.exports,t,t.exports,__webpack_require__),t.l=!0,t.exports}return __webpack_require__.m=e,__webpack_require__.c=r,__webpack_require__.d=function(e,r,_){__webpack_require__.o(e,r)||Object.defineProperty(e,r,{enumerable:!0,get:_})},__webpack_require__.r=function(e){\\"undefined\\"!=typeof Symbol&&Symbol.toStringTag&&Object.defineProperty(e,Symbol.toStringTag,{value:\\"Module\\"}),Object.defineProperty(e,\\"__esModule\\",{value:!0})},__webpack_require__.t=function(e,r){if(1&r&&(e=__webpack_require__(e)),8&r)return e;if(4&r&&\\"object\\"==typeof e&&e&&e.__esModule)return e;var _=Object.create(null);if(__webpack_require__.r(_),Object.defineProperty(_,\\"default\\",{enumerable:!0,value:e}),2&r&&\\"string\\"!=typeof e)for(var t in e)__webpack_require__.d(_,t,function(r){return e[r]}.bind(null,t));return _},__webpack_require__.n=function(e){var r=e&&e.__esModule?function getDefault(){return e.default}:function getModuleExports(){return e};return __webpack_require__.d(r,\\"a\\",r),r},__webpack_require__.o=function(e,r){return Object.prototype.hasOwnProperty.call(e,r)},__webpack_require__.p=\\"\\",__webpack_require__(__webpack_require__.s=0)}([function(e,r,_){e.exports=_(1)},function(e,r,_){}]);
//# sourceMappingURL=main.js.map",
      "main.js.map": "{\\"version\\":3,\\"sources\\":[\\"webpack:///webpack/bootstrap\\"],\\"names\\":[\\"installedModules\\",\\"__webpack_require__\\",\\"moduleId\\",\\"exports\\",\\"module\\",\\"i\\",\\"l\\",\\"modules\\",\\"call\\",\\"m\\",\\"c\\",\\"d\\",\\"name\\",\\"getter\\",\\"o\\",\\"Object\\",\\"defineProperty\\",\\"enumerable\\",\\"get\\",\\"r\\",\\"Symbol\\",\\"toStringTag\\",\\"value\\",\\"t\\",\\"mode\\",\\"__esModule\\",\\"ns\\",\\"create\\",\\"key\\",\\"bind\\",\\"n\\",\\"getDefault\\",\\"getModuleExports\\",\\"object\\",\\"property\\",\\"prototype\\",\\"hasOwnProperty\\",\\"p\\",\\"s\\"],\\"mappings\\":\\"yFACA,IAAAA,EAAA,GAGA,SAAAC,oBAAAC,GAGA,GAAAF,EAAAE,GACA,OAAAF,EAAAE,GAAAC,QAGA,IAAAC,EAAAJ,EAAAE,GAAA,CACAG,EAAAH,EACAI,GAAA,EACAH,QAAA,IAUA,OANAI,EAAAL,GAAAM,KAAAJ,EAAAD,QAAAC,IAAAD,QAAAF,qBAGAG,EAAAE,GAAA,EAGAF,EAAAD,QA0DA,OArDAF,oBAAAQ,EAAAF,EAGAN,oBAAAS,EAAAV,EAGAC,oBAAAU,EAAA,SAAAR,EAAAS,EAAAC,GACAZ,oBAAAa,EAAAX,EAAAS,IACAG,OAAAC,eAAAb,EAAAS,EAAA,CAA0CK,YAAA,EAAAC,IAAAL,KAK1CZ,oBAAAkB,EAAA,SAAAhB,GACA,oBAAAiB,eAAAC,aACAN,OAAAC,eAAAb,EAAAiB,OAAAC,YAAA,CAAwDC,MAAA,WAExDP,OAAAC,eAAAb,EAAA,cAAiDmB,OAAA,KAQjDrB,oBAAAsB,EAAA,SAAAD,EAAAE,GAEA,GADA,EAAAA,IAAAF,EAAArB,oBAAAqB,IACA,EAAAE,EAAA,OAAAF,EACA,KAAAE,GAAA,iBAAAF,QAAAG,WAAA,OAAAH,EACA,IAAAI,EAAAX,OAAAY,OAAA,MAGA,GAFA1B,oBAAAkB,EAAAO,GACAX,OAAAC,eAAAU,EAAA,WAAyCT,YAAA,EAAAK,UACzC,EAAAE,GAAA,iBAAAF,EAAA,QAAAM,KAAAN,EAAArB,oBAAAU,EAAAe,EAAAE,EAAA,SAAAA,GAAgH,OAAAN,EAAAM,IAAqBC,KAAA,KAAAD,IACrI,OAAAF,GAIAzB,oBAAA6B,EAAA,SAAA1B,GACA,IAAAS,EAAAT,KAAAqB,WACA,SAAAM,aAA2B,OAAA3B,EAAA,SAC3B,SAAA4B,mBAAiC,OAAA5B,GAEjC,OADAH,oBAAAU,EAAAE,EAAA,IAAAA,GACAA,GAIAZ,oBAAAa,EAAA,SAAAmB,EAAAC,GAAsD,OAAAnB,OAAAoB,UAAAC,eAAA5B,KAAAyB,EAAAC,IAGtDjC,oBAAAoC,EAAA,GAIApC,wCAAAqC,EAAA\\",\\"file\\":\\"main.js\\",\\"sourceRoot\\":\\"\\"}",
    },
  },
}
`;

exports[`main production 1`] = `
"      Asset      Size  Chunks             Chunk Names
    main.js  1.38 KiB       0  [emitted]  main
main.js.map  1.56 KiB       0  [emitted]  main
Entrypoint main = main.js main.js.map
[0] multi ./src/main/index.js 28 bytes {0} [built]
[1] ./src/main/index.js 13 bytes {0} [built]"
`;

exports[`main production 2`] = `
Object {
  "dist": Object {
    "main": Object {
      "main.js": "require(\\"source-map-support/source-map-support.js\\").install(),module.exports=function(e){var r={};function __webpack_require__(_){if(r[_])return r[_].exports;var t=r[_]={i:_,l:!1,exports:{}};return e[_].call(t.exports,t,t.exports,__webpack_require__),t.l=!0,t.exports}return __webpack_require__.m=e,__webpack_require__.c=r,__webpack_require__.d=function(e,r,_){__webpack_require__.o(e,r)||Object.defineProperty(e,r,{enumerable:!0,get:_})},__webpack_require__.r=function(e){\\"undefined\\"!=typeof Symbol&&Symbol.toStringTag&&Object.defineProperty(e,Symbol.toStringTag,{value:\\"Module\\"}),Object.defineProperty(e,\\"__esModule\\",{value:!0})},__webpack_require__.t=function(e,r){if(1&r&&(e=__webpack_require__(e)),8&r)return e;if(4&r&&\\"object\\"==typeof e&&e&&e.__esModule)return e;var _=Object.create(null);if(__webpack_require__.r(_),Object.defineProperty(_,\\"default\\",{enumerable:!0,value:e}),2&r&&\\"string\\"!=typeof e)for(var t in e)__webpack_require__.d(_,t,function(r){return e[r]}.bind(null,t));return _},__webpack_require__.n=function(e){var r=e&&e.__esModule?function getDefault(){return e.default}:function getModuleExports(){return e};return __webpack_require__.d(r,\\"a\\",r),r},__webpack_require__.o=function(e,r){return Object.prototype.hasOwnProperty.call(e,r)},__webpack_require__.p=\\"\\",__webpack_require__(__webpack_require__.s=0)}([function(e,r,_){e.exports=_(1)},function(e,r,_){}]);
//# sourceMappingURL=main.js.map",
      "main.js.map": "{\\"version\\":3,\\"sources\\":[\\"webpack:///webpack/bootstrap\\"],\\"names\\":[\\"installedModules\\",\\"__webpack_require__\\",\\"moduleId\\",\\"exports\\",\\"module\\",\\"i\\",\\"l\\",\\"modules\\",\\"call\\",\\"m\\",\\"c\\",\\"d\\",\\"name\\",\\"getter\\",\\"o\\",\\"Object\\",\\"defineProperty\\",\\"enumerable\\",\\"get\\",\\"r\\",\\"Symbol\\",\\"toStringTag\\",\\"value\\",\\"t\\",\\"mode\\",\\"__esModule\\",\\"ns\\",\\"create\\",\\"key\\",\\"bind\\",\\"n\\",\\"getDefault\\",\\"getModuleExports\\",\\"object\\",\\"property\\",\\"prototype\\",\\"hasOwnProperty\\",\\"p\\",\\"s\\"],\\"mappings\\":\\"yFACA,IAAAA,EAAA,GAGA,SAAAC,oBAAAC,GAGA,GAAAF,EAAAE,GACA,OAAAF,EAAAE,GAAAC,QAGA,IAAAC,EAAAJ,EAAAE,GAAA,CACAG,EAAAH,EACAI,GAAA,EACAH,QAAA,IAUA,OANAI,EAAAL,GAAAM,KAAAJ,EAAAD,QAAAC,IAAAD,QAAAF,qBAGAG,EAAAE,GAAA,EAGAF,EAAAD,QA0DA,OArDAF,oBAAAQ,EAAAF,EAGAN,oBAAAS,EAAAV,EAGAC,oBAAAU,EAAA,SAAAR,EAAAS,EAAAC,GACAZ,oBAAAa,EAAAX,EAAAS,IACAG,OAAAC,eAAAb,EAAAS,EAAA,CAA0CK,YAAA,EAAAC,IAAAL,KAK1CZ,oBAAAkB,EAAA,SAAAhB,GACA,oBAAAiB,eAAAC,aACAN,OAAAC,eAAAb,EAAAiB,OAAAC,YAAA,CAAwDC,MAAA,WAExDP,OAAAC,eAAAb,EAAA,cAAiDmB,OAAA,KAQjDrB,oBAAAsB,EAAA,SAAAD,EAAAE,GAEA,GADA,EAAAA,IAAAF,EAAArB,oBAAAqB,IACA,EAAAE,EAAA,OAAAF,EACA,KAAAE,GAAA,iBAAAF,QAAAG,WAAA,OAAAH,EACA,IAAAI,EAAAX,OAAAY,OAAA,MAGA,GAFA1B,oBAAAkB,EAAAO,GACAX,OAAAC,eAAAU,EAAA,WAAyCT,YAAA,EAAAK,UACzC,EAAAE,GAAA,iBAAAF,EAAA,QAAAM,KAAAN,EAAArB,oBAAAU,EAAAe,EAAAE,EAAA,SAAAA,GAAgH,OAAAN,EAAAM,IAAqBC,KAAA,KAAAD,IACrI,OAAAF,GAIAzB,oBAAA6B,EAAA,SAAA1B,GACA,IAAAS,EAAAT,KAAAqB,WACA,SAAAM,aAA2B,OAAA3B,EAAA,SAC3B,SAAA4B,mBAAiC,OAAA5B,GAEjC,OADAH,oBAAAU,EAAAE,EAAA,IAAAA,GACAA,GAIAZ,oBAAAa,EAAA,SAAAmB,EAAAC,GAAsD,OAAAnB,OAAAoB,UAAAC,eAAA5B,KAAAyB,EAAAC,IAGtDjC,oBAAAoC,EAAA,GAIApC,wCAAAqC,EAAA\\",\\"file\\":\\"main.js\\",\\"sourceRoot\\":\\"\\"}",
    },
  },
}
`;

exports[`renderer custom sourceDirectory 1`] = `
"          Asset       Size  Chunks             Chunk Names
     index.html  329 bytes          [emitted]  
    renderer.js   2.05 KiB       0  [emitted]  renderer
renderer.js.map   2.11 KiB       0  [emitted]  renderer
     styles.css  135 bytes       0  [emitted]  renderer
 styles.css.map  158 bytes       0  [emitted]  renderer
Entrypoint renderer = styles.css renderer.js styles.css.map renderer.js.map
[0] multi ./customRenderer/index.js 28 bytes {0} [built]
[1] ./customRenderer/index.js 972 bytes {0} [built]
[2] ./customRenderer/style.css {0} [built]
[3] ./customRenderer/foo.html 34 bytes {0} [built]
[4] external \\"path\\" 42 bytes {0} [built]
[] css <cwd>/node_modules/css-loader/dist/cjs.js??ref--6-1!./customRenderer/style.css {0}
Child html-webpack-plugin for \\"index.html\\":
         Asset      Size  Chunks  Chunk Names
    index.html  3.99 KiB       0  
    Entrypoint undefined = index.html
    [0] <cwd>/node_modules/html-loader/dist/cjs.js?minimize=false&url=false!./dist/.renderer-index-template.html 255 bytes {0} [built]
Child mini-css-extract-plugin <some path>/node_modules/css-loader/dist/cjs.js??ref--6-1!customRenderer/style.css:
    Entrypoint mini-css-extract-plugin = *
    [0] <cwd>/node_modules/css-loader/dist/cjs.js??ref--6-1!./customRenderer/style.css {0} [built]
    [1] <cwd>/node_modules/css-loader/dist/runtime/api.js 2.61 KiB {0} [built]"
`;

exports[`renderer custom sourceDirectory 2`] = `
Object {
  "dist": Object {
    "renderer": Object {
      "index.html": "<!DOCTYPE html>
    <html>
      <head>
        <meta charset=\\"utf-8\\">
      <script>require(\\"source-map-support/source-map-support.js\\").install()</script><link href=\\"styles.css\\" rel=\\"stylesheet\\"></head>
      <body>
        <div id=\\"app\\"></div>
      <script type=\\"text/javascript\\" src=\\"renderer.js\\"></script></body>
    </html>",
      "renderer.js": "module.exports=function(e){var r={};function __webpack_require__(t){if(r[t])return r[t].exports;var _=r[t]={i:t,l:!1,exports:{}};return e[t].call(_.exports,_,_.exports,__webpack_require__),_.l=!0,_.exports}return __webpack_require__.m=e,__webpack_require__.c=r,__webpack_require__.d=function(e,r,t){__webpack_require__.o(e,r)||Object.defineProperty(e,r,{enumerable:!0,get:t})},__webpack_require__.r=function(e){\\"undefined\\"!=typeof Symbol&&Symbol.toStringTag&&Object.defineProperty(e,Symbol.toStringTag,{value:\\"Module\\"}),Object.defineProperty(e,\\"__esModule\\",{value:!0})},__webpack_require__.t=function(e,r){if(1&r&&(e=__webpack_require__(e)),8&r)return e;if(4&r&&\\"object\\"==typeof e&&e&&e.__esModule)return e;var t=Object.create(null);if(__webpack_require__.r(t),Object.defineProperty(t,\\"default\\",{enumerable:!0,value:e}),2&r&&\\"string\\"!=typeof e)for(var _ in e)__webpack_require__.d(t,_,function(r){return e[r]}.bind(null,_));return t},__webpack_require__.n=function(e){var r=e&&e.__esModule?function getDefault(){return e.default}:function getModuleExports(){return e};return __webpack_require__.d(r,\\"a\\",r),r},__webpack_require__.o=function(e,r){return Object.prototype.hasOwnProperty.call(e,r)},__webpack_require__.p=\\"\\",__webpack_require__(__webpack_require__.s=0)}([function(e,r,t){e.exports=t(1)},function(e,r,t){\\"use strict\\";function _foo(){const e=function _interopRequireDefault(e){return e&&e.__esModule?e:{default:e}}(t(3));return _foo=function(){return e},e}t(2);var _=function _interopRequireWildcard(e){if(e&&e.__esModule)return e;var r={};if(null!=e)for(var t in e)if(Object.prototype.hasOwnProperty.call(e,t)){var _=Object.defineProperty&&Object.getOwnPropertyDescriptor?Object.getOwnPropertyDescriptor(e,t):{};_.get||_.set?Object.defineProperty(r,t,_):r[t]=e[t]}return r.default=e,r}(t(4));console.log(_foo().default);const n=fs.readFileSync(_.join(process.resourcesPath+\\"/static\\",\\"/foo.txt\\")).toString(\\"hex\\");console.log(n)},function(e,r,t){},function(e,r,t){\\"use strict\\";t.r(r),r.default=\\"<p>Hi</p>\\"},function(e,r){e.exports=require(\\"path\\")}]);
//# sourceMappingURL=renderer.js.map",
      "renderer.js.map": "{\\"version\\":3,\\"sources\\":[\\"webpack:///webpack/bootstrap\\",\\"webpack:///./customRenderer/index.js\\",\\"webpack:///./customRenderer/foo.html\\",\\"webpack:///external \\\\\\"path\\\\\\"\\"],\\"names\\":[\\"installedModules\\",\\"__webpack_require__\\",\\"moduleId\\",\\"exports\\",\\"module\\",\\"i\\",\\"l\\",\\"modules\\",\\"call\\",\\"m\\",\\"c\\",\\"d\\",\\"name\\",\\"getter\\",\\"o\\",\\"Object\\",\\"defineProperty\\",\\"enumerable\\",\\"get\\",\\"r\\",\\"Symbol\\",\\"toStringTag\\",\\"value\\",\\"t\\",\\"mode\\",\\"__esModule\\",\\"ns\\",\\"create\\",\\"key\\",\\"bind\\",\\"n\\",\\"getDefault\\",\\"getModuleExports\\",\\"object\\",\\"property\\",\\"prototype\\",\\"hasOwnProperty\\",\\"p\\",\\"s\\",\\"_foo\\",\\"data\\",\\"_interopRequireDefault\\",\\"path\\",\\"_interopRequireWildcard\\",\\"console\\",\\"log\\",\\"html\\",\\"fileContents\\",\\"fs\\",\\"readFileSync\\",\\"join\\",\\"__static\\",\\"toString\\",\\"__webpack_exports__\\",\\"require\\"],\\"mappings\\":\\"2BACA,IAAAA,EAAA,GAGA,SAAAC,oBAAAC,GAGA,GAAAF,EAAAE,GACA,OAAAF,EAAAE,GAAAC,QAGA,IAAAC,EAAAJ,EAAAE,GAAA,CACAG,EAAAH,EACAI,GAAA,EACAH,QAAA,IAUA,OANAI,EAAAL,GAAAM,KAAAJ,EAAAD,QAAAC,IAAAD,QAAAF,qBAGAG,EAAAE,GAAA,EAGAF,EAAAD,QA0DA,OArDAF,oBAAAQ,EAAAF,EAGAN,oBAAAS,EAAAV,EAGAC,oBAAAU,EAAA,SAAAR,EAAAS,EAAAC,GACAZ,oBAAAa,EAAAX,EAAAS,IACAG,OAAAC,eAAAb,EAAAS,EAAA,CAA0CK,YAAA,EAAAC,IAAAL,KAK1CZ,oBAAAkB,EAAA,SAAAhB,GACA,oBAAAiB,eAAAC,aACAN,OAAAC,eAAAb,EAAAiB,OAAAC,YAAA,CAAwDC,MAAA,WAExDP,OAAAC,eAAAb,EAAA,cAAiDmB,OAAA,KAQjDrB,oBAAAsB,EAAA,SAAAD,EAAAE,GAEA,GADA,EAAAA,IAAAF,EAAArB,oBAAAqB,IACA,EAAAE,EAAA,OAAAF,EACA,KAAAE,GAAA,iBAAAF,QAAAG,WAAA,OAAAH,EACA,IAAAI,EAAAX,OAAAY,OAAA,MAGA,GAFA1B,oBAAAkB,EAAAO,GACAX,OAAAC,eAAAU,EAAA,WAAyCT,YAAA,EAAAK,UACzC,EAAAE,GAAA,iBAAAF,EAAA,QAAAM,KAAAN,EAAArB,oBAAAU,EAAAe,EAAAE,EAAA,SAAAA,GAAgH,OAAAN,EAAAM,IAAqBC,KAAA,KAAAD,IACrI,OAAAF,GAIAzB,oBAAA6B,EAAA,SAAA1B,GACA,IAAAS,EAAAT,KAAAqB,WACA,SAAAM,aAA2B,OAAA3B,EAAA,SAC3B,SAAA4B,mBAAiC,OAAA5B,GAEjC,OADAH,oBAAAU,EAAAE,EAAA,IAAAA,GACAA,GAIAZ,oBAAAa,EAAA,SAAAmB,EAAAC,GAAsD,OAAAnB,OAAAoB,UAAAC,eAAA5B,KAAAyB,EAAAC,IAGtDjC,oBAAAoC,EAAA,GAIApC,wCAAAqC,EAAA,kECjFA,SAAAC,OAAA,MAAAC,0EAAAC,CAAAxC,EAAA,WAAAsC,KAAA,kBAAAC,KADAvC,EAAA,GAEA,IAAAyC,iUAAAC,CAAA1C,EAAA,IAEA2C,QAAQC,IAAIC,gBAEZ,MAAMC,EAAeC,GAAGC,aAAaP,EAAKQ,KAAKC,gCAAU,aAAaC,SAAS,OAC/ER,QAAQC,IAAIE,mDCPZ9C,EAAAkB,EAAAkC,GACeA,EAAA,mCCDfjD,EAAAD,QAAAmD,QAAA\\",\\"file\\":\\"renderer.js\\",\\"sourceRoot\\":\\"\\"}",
      "styles.css": ".f1 {
  background: image(\\"static/a/foo.png\\")
}

.f2 {
  background: image(\\"static/b/foo.png\\")
}

/*# sourceMappingURL=styles.css.map*/",
      "styles.css.map": "{\\"version\\":3,\\"sources\\":[\\"webpack:///./customRenderer/style.css\\"],\\"names\\":[],\\"mappings\\":\\"AAAA;AACA;AACA;;AAEA;AACA;AACA,C\\",\\"file\\":\\"styles.css\\",\\"sourceRoot\\":\\"\\"}",
    },
  },
}
`;

exports[`renderer production 1`] = `
"          Asset       Size  Chunks             Chunk Names
     index.html  329 bytes          [emitted]  
    renderer.js   2.05 KiB       0  [emitted]  renderer
renderer.js.map    2.1 KiB       0  [emitted]  renderer
     styles.css  135 bytes       0  [emitted]  renderer
 styles.css.map  156 bytes       0  [emitted]  renderer
Entrypoint renderer = styles.css renderer.js styles.css.map renderer.js.map
[0] multi ./src/renderer/index.js 28 bytes {0} [built]
[1] ./src/renderer/index.js 972 bytes {0} [built]
[2] ./src/renderer/style.css {0} [built]
[3] ./src/renderer/foo.html 34 bytes {0} [built]
[4] external \\"path\\" 42 bytes {0} [built]
[] css <cwd>/node_modules/css-loader/dist/cjs.js??ref--6-1!./src/renderer/style.css {0}
Child html-webpack-plugin for \\"index.html\\":
         Asset      Size  Chunks  Chunk Names
    index.html  3.99 KiB       0  
    Entrypoint undefined = index.html
    [0] <cwd>/node_modules/html-loader/dist/cjs.js?minimize=false&url=false!./dist/.renderer-index-template.html 255 bytes {0} [built]
Child mini-css-extract-plugin <some path>/node_modules/css-loader/dist/cjs.js??ref--6-1!src/renderer/style.css:
    Entrypoint mini-css-extract-plugin = *
    [0] <cwd>/node_modules/css-loader/dist/cjs.js??ref--6-1!./src/renderer/style.css {0} [built]
    [1] <cwd>/node_modules/css-loader/dist/runtime/api.js 2.61 KiB {0} [built]"
`;

exports[`renderer production 2`] = `
Object {
  "dist": Object {
    "renderer": Object {
      "index.html": "<!DOCTYPE html>
    <html>
      <head>
        <meta charset=\\"utf-8\\">
      <script>require(\\"source-map-support/source-map-support.js\\").install()</script><link href=\\"styles.css\\" rel=\\"stylesheet\\"></head>
      <body>
        <div id=\\"app\\"></div>
      <script type=\\"text/javascript\\" src=\\"renderer.js\\"></script></body>
    </html>",
      "renderer.js": "module.exports=function(e){var r={};function __webpack_require__(t){if(r[t])return r[t].exports;var _=r[t]={i:t,l:!1,exports:{}};return e[t].call(_.exports,_,_.exports,__webpack_require__),_.l=!0,_.exports}return __webpack_require__.m=e,__webpack_require__.c=r,__webpack_require__.d=function(e,r,t){__webpack_require__.o(e,r)||Object.defineProperty(e,r,{enumerable:!0,get:t})},__webpack_require__.r=function(e){\\"undefined\\"!=typeof Symbol&&Symbol.toStringTag&&Object.defineProperty(e,Symbol.toStringTag,{value:\\"Module\\"}),Object.defineProperty(e,\\"__esModule\\",{value:!0})},__webpack_require__.t=function(e,r){if(1&r&&(e=__webpack_require__(e)),8&r)return e;if(4&r&&\\"object\\"==typeof e&&e&&e.__esModule)return e;var t=Object.create(null);if(__webpack_require__.r(t),Object.defineProperty(t,\\"default\\",{enumerable:!0,value:e}),2&r&&\\"string\\"!=typeof e)for(var _ in e)__webpack_require__.d(t,_,function(r){return e[r]}.bind(null,_));return t},__webpack_require__.n=function(e){var r=e&&e.__esModule?function getDefault(){return e.default}:function getModuleExports(){return e};return __webpack_require__.d(r,\\"a\\",r),r},__webpack_require__.o=function(e,r){return Object.prototype.hasOwnProperty.call(e,r)},__webpack_require__.p=\\"\\",__webpack_require__(__webpack_require__.s=0)}([function(e,r,t){e.exports=t(1)},function(e,r,t){\\"use strict\\";function _foo(){const e=function _interopRequireDefault(e){return e&&e.__esModule?e:{default:e}}(t(3));return _foo=function(){return e},e}t(2);var _=function _interopRequireWildcard(e){if(e&&e.__esModule)return e;var r={};if(null!=e)for(var t in e)if(Object.prototype.hasOwnProperty.call(e,t)){var _=Object.defineProperty&&Object.getOwnPropertyDescriptor?Object.getOwnPropertyDescriptor(e,t):{};_.get||_.set?Object.defineProperty(r,t,_):r[t]=e[t]}return r.default=e,r}(t(4));console.log(_foo().default);const n=fs.readFileSync(_.join(process.resourcesPath+\\"/static\\",\\"/foo.txt\\")).toString(\\"hex\\");console.log(n)},function(e,r,t){},function(e,r,t){\\"use strict\\";t.r(r),r.default=\\"<p>Hi</p>\\"},function(e,r){e.exports=require(\\"path\\")}]);
//# sourceMappingURL=renderer.js.map",
      "renderer.js.map": "{\\"version\\":3,\\"sources\\":[\\"webpack:///webpack/bootstrap\\",\\"webpack:///./src/renderer/index.js\\",\\"webpack:///./src/renderer/foo.html\\",\\"webpack:///external \\\\\\"path\\\\\\"\\"],\\"names\\":[\\"installedModules\\",\\"__webpack_require__\\",\\"moduleId\\",\\"exports\\",\\"module\\",\\"i\\",\\"l\\",\\"modules\\",\\"call\\",\\"m\\",\\"c\\",\\"d\\",\\"name\\",\\"getter\\",\\"o\\",\\"Object\\",\\"defineProperty\\",\\"enumerable\\",\\"get\\",\\"r\\",\\"Symbol\\",\\"toStringTag\\",\\"value\\",\\"t\\",\\"mode\\",\\"__esModule\\",\\"ns\\",\\"create\\",\\"key\\",\\"bind\\",\\"n\\",\\"getDefault\\",\\"getModuleExports\\",\\"object\\",\\"property\\",\\"prototype\\",\\"hasOwnProperty\\",\\"p\\",\\"s\\",\\"_foo\\",\\"data\\",\\"_interopRequireDefault\\",\\"path\\",\\"_interopRequireWildcard\\",\\"console\\",\\"log\\",\\"html\\",\\"fileContents\\",\\"fs\\",\\"readFileSync\\",\\"join\\",\\"__static\\",\\"toString\\",\\"__webpack_exports__\\",\\"require\\"],\\"mappings\\":\\"2BACA,IAAAA,EAAA,GAGA,SAAAC,oBAAAC,GAGA,GAAAF,EAAAE,GACA,OAAAF,EAAAE,GAAAC,QAGA,IAAAC,EAAAJ,EAAAE,GAAA,CACAG,EAAAH,EACAI,GAAA,EACAH,QAAA,IAUA,OANAI,EAAAL,GAAAM,KAAAJ,EAAAD,QAAAC,IAAAD,QAAAF,qBAGAG,EAAAE,GAAA,EAGAF,EAAAD,QA0DA,OArDAF,oBAAAQ,EAAAF,EAGAN,oBAAAS,EAAAV,EAGAC,oBAAAU,EAAA,SAAAR,EAAAS,EAAAC,GACAZ,oBAAAa,EAAAX,EAAAS,IACAG,OAAAC,eAAAb,EAAAS,EAAA,CAA0CK,YAAA,EAAAC,IAAAL,KAK1CZ,oBAAAkB,EAAA,SAAAhB,GACA,oBAAAiB,eAAAC,aACAN,OAAAC,eAAAb,EAAAiB,OAAAC,YAAA,CAAwDC,MAAA,WAExDP,OAAAC,eAAAb,EAAA,cAAiDmB,OAAA,KAQjDrB,oBAAAsB,EAAA,SAAAD,EAAAE,GAEA,GADA,EAAAA,IAAAF,EAAArB,oBAAAqB,IACA,EAAAE,EAAA,OAAAF,EACA,KAAAE,GAAA,iBAAAF,QAAAG,WAAA,OAAAH,EACA,IAAAI,EAAAX,OAAAY,OAAA,MAGA,GAFA1B,oBAAAkB,EAAAO,GACAX,OAAAC,eAAAU,EAAA,WAAyCT,YAAA,EAAAK,UACzC,EAAAE,GAAA,iBAAAF,EAAA,QAAAM,KAAAN,EAAArB,oBAAAU,EAAAe,EAAAE,EAAA,SAAAA,GAAgH,OAAAN,EAAAM,IAAqBC,KAAA,KAAAD,IACrI,OAAAF,GAIAzB,oBAAA6B,EAAA,SAAA1B,GACA,IAAAS,EAAAT,KAAAqB,WACA,SAAAM,aAA2B,OAAA3B,EAAA,SAC3B,SAAA4B,mBAAiC,OAAA5B,GAEjC,OADAH,oBAAAU,EAAAE,EAAA,IAAAA,GACAA,GAIAZ,oBAAAa,EAAA,SAAAmB,EAAAC,GAAsD,OAAAnB,OAAAoB,UAAAC,eAAA5B,KAAAyB,EAAAC,IAGtDjC,oBAAAoC,EAAA,GAIApC,wCAAAqC,EAAA,kECjFA,SAAAC,OAAA,MAAAC,0EAAAC,CAAAxC,EAAA,WAAAsC,KAAA,kBAAAC,KADAvC,EAAA,GAEA,IAAAyC,iUAAAC,CAAA1C,EAAA,IAEA2C,QAAQC,IAAIC,gBAEZ,MAAMC,EAAeC,GAAGC,aAAaP,EAAKQ,KAAKC,gCAAU,aAAaC,SAAS,OAC/ER,QAAQC,IAAIE,mDCPZ9C,EAAAkB,EAAAkC,GACeA,EAAA,mCCDfjD,EAAAD,QAAAmD,QAAA\\",\\"file\\":\\"renderer.js\\",\\"sourceRoot\\":\\"\\"}",
      "styles.css": ".f1 {
  background: image(\\"static/a/foo.png\\")
}

.f2 {
  background: image(\\"static/b/foo.png\\")
}

/*# sourceMappingURL=styles.css.map*/",
      "styles.css.map": "{\\"version\\":3,\\"sources\\":[\\"webpack:///./src/renderer/style.css\\"],\\"names\\":[],\\"mappings\\":\\"AAAA;AACA;AACA;;AAEA;AACA;AACA,C\\",\\"file\\":\\"styles.css\\",\\"sourceRoot\\":\\"\\"}",
    },
  },
}
`;

exports[`typescript 1`] = `
"      Asset      Size  Chunks             Chunk Names
    main.js  1.39 KiB       0  [emitted]  main
main.js.map  1.56 KiB       0  [emitted]  main
Entrypoint main = main.js main.js.map
[0] multi ./src/main/index.ts 28 bytes {0} [built]
[1] ./src/main/index.ts 76 bytes {0} [built]"
`;

exports[`typescript 2`] = `
Object {
  "dist": Object {
    "main": Object {
      "main.js": "require(\\"source-map-support/source-map-support.js\\").install(),module.exports=function(e){var r={};function __webpack_require__(_){if(r[_])return r[_].exports;var t=r[_]={i:_,l:!1,exports:{}};return e[_].call(t.exports,t,t.exports,__webpack_require__),t.l=!0,t.exports}return __webpack_require__.m=e,__webpack_require__.c=r,__webpack_require__.d=function(e,r,_){__webpack_require__.o(e,r)||Object.defineProperty(e,r,{enumerable:!0,get:_})},__webpack_require__.r=function(e){\\"undefined\\"!=typeof Symbol&&Symbol.toStringTag&&Object.defineProperty(e,Symbol.toStringTag,{value:\\"Module\\"}),Object.defineProperty(e,\\"__esModule\\",{value:!0})},__webpack_require__.t=function(e,r){if(1&r&&(e=__webpack_require__(e)),8&r)return e;if(4&r&&\\"object\\"==typeof e&&e&&e.__esModule)return e;var _=Object.create(null);if(__webpack_require__.r(_),Object.defineProperty(_,\\"default\\",{enumerable:!0,value:e}),2&r&&\\"string\\"!=typeof e)for(var t in e)__webpack_require__.d(_,t,function(r){return e[r]}.bind(null,t));return _},__webpack_require__.n=function(e){var r=e&&e.__esModule?function getDefault(){return e.default}:function getModuleExports(){return e};return __webpack_require__.d(r,\\"a\\",r),r},__webpack_require__.o=function(e,r){return Object.prototype.hasOwnProperty.call(e,r)},__webpack_require__.p=\\"\\",__webpack_require__(__webpack_require__.s=0)}([function(e,r,_){e.exports=_(1)},function(e,r,_){\\"use strict\\"}]);
//# sourceMappingURL=main.js.map",
      "main.js.map": "{\\"version\\":3,\\"sources\\":[\\"webpack:///webpack/bootstrap\\"],\\"names\\":[\\"installedModules\\",\\"__webpack_require__\\",\\"moduleId\\",\\"exports\\",\\"module\\",\\"i\\",\\"l\\",\\"modules\\",\\"call\\",\\"m\\",\\"c\\",\\"d\\",\\"name\\",\\"getter\\",\\"o\\",\\"Object\\",\\"defineProperty\\",\\"enumerable\\",\\"get\\",\\"r\\",\\"Symbol\\",\\"toStringTag\\",\\"value\\",\\"t\\",\\"mode\\",\\"__esModule\\",\\"ns\\",\\"create\\",\\"key\\",\\"bind\\",\\"n\\",\\"getDefault\\",\\"getModuleExports\\",\\"object\\",\\"property\\",\\"prototype\\",\\"hasOwnProperty\\",\\"p\\",\\"s\\"],\\"mappings\\":\\"yFACA,IAAAA,EAAA,GAGA,SAAAC,oBAAAC,GAGA,GAAAF,EAAAE,GACA,OAAAF,EAAAE,GAAAC,QAGA,IAAAC,EAAAJ,EAAAE,GAAA,CACAG,EAAAH,EACAI,GAAA,EACAH,QAAA,IAUA,OANAI,EAAAL,GAAAM,KAAAJ,EAAAD,QAAAC,IAAAD,QAAAF,qBAGAG,EAAAE,GAAA,EAGAF,EAAAD,QA0DA,OArDAF,oBAAAQ,EAAAF,EAGAN,oBAAAS,EAAAV,EAGAC,oBAAAU,EAAA,SAAAR,EAAAS,EAAAC,GACAZ,oBAAAa,EAAAX,EAAAS,IACAG,OAAAC,eAAAb,EAAAS,EAAA,CAA0CK,YAAA,EAAAC,IAAAL,KAK1CZ,oBAAAkB,EAAA,SAAAhB,GACA,oBAAAiB,eAAAC,aACAN,OAAAC,eAAAb,EAAAiB,OAAAC,YAAA,CAAwDC,MAAA,WAExDP,OAAAC,eAAAb,EAAA,cAAiDmB,OAAA,KAQjDrB,oBAAAsB,EAAA,SAAAD,EAAAE,GAEA,GADA,EAAAA,IAAAF,EAAArB,oBAAAqB,IACA,EAAAE,EAAA,OAAAF,EACA,KAAAE,GAAA,iBAAAF,QAAAG,WAAA,OAAAH,EACA,IAAAI,EAAAX,OAAAY,OAAA,MAGA,GAFA1B,oBAAAkB,EAAAO,GACAX,OAAAC,eAAAU,EAAA,WAAyCT,YAAA,EAAAK,UACzC,EAAAE,GAAA,iBAAAF,EAAA,QAAAM,KAAAN,EAAArB,oBAAAU,EAAAe,EAAAE,EAAA,SAAAA,GAAgH,OAAAN,EAAAM,IAAqBC,KAAA,KAAAD,IACrI,OAAAF,GAIAzB,oBAAA6B,EAAA,SAAA1B,GACA,IAAAS,EAAAT,KAAAqB,WACA,SAAAM,aAA2B,OAAA3B,EAAA,SAC3B,SAAA4B,mBAAiC,OAAA5B,GAEjC,OADAH,oBAAAU,EAAAE,EAAA,IAAAA,GACAA,GAIAZ,oBAAAa,EAAA,SAAAmB,EAAAC,GAAsD,OAAAnB,OAAAoB,UAAAC,eAAA5B,KAAAyB,EAAAC,IAGtDjC,oBAAAoC,EAAA,GAIApC,wCAAAqC,EAAA\\",\\"file\\":\\"main.js\\",\\"sourceRoot\\":\\"\\"}",
    },
  },
}
`;
